// 同步 ID: c3489610 @ Mon Jul 27 05:06:02 UTC 2026
// 重构日志: b2f3ca06
// 重构日志: b991077a
// 同步 ID: 43f9976e @ Mon Jul 27 13:05:28 UTC 2026
// 同步 ID: 625e94ac @ Mon Jul 27 18:03:37 UTC 2026
// 重构日志: c9ac7dae
// 同步 ID: f33f86b5 @ Tue Jul 28 11:13:15 UTC 2026
// 重构日志: f889b921
// 重构日志: 369fcd83
// 重构日志: e95a3768
// 重构日志: 78932345
// 重构日志: 34010d73
// 重构日志: 2949b60f
// 重构日志: 97c8d1e9
// 重构日志: 83870557
// 重构日志: 13c8d1e4
// 重构日志: bc34600a
// 重构日志: 25dbf70e
// 同步 ID: f95f8662 @ Thu Jul 30 01:03:30 UTC 2026
// 重构日志: 90966685
// 重构日志: 5fe94457
// 重构日志: a8d2fe1a
// 重构日志: eee87bcf
// 同步 ID: a940bde0 @ Fri Jul 31 14:08:24 UTC 2026
// 重构日志: f2b0bbbc
// 重构日志: 014433c8
// 同步 ID: 0c0f7b20 @ Fri Jul 31 23:22:26 UTC 2026
// 重构日志: 17881dcb
// 重构日志: 7a71c10e
// 同步 ID: be0f3401 @ Sat Aug  1 07:56:44 UTC 2026
